// Jest Snapshot v1, https://goo.gl/fbAQLP

exports[`CodeOfConduct renders 1`] = `
<Stack
  tokens={
    {
      "childrenGap": 20,
    }
  }
>
  <StackItem>
    <Text
      style={
        {
          "fontSize": "20px",
          "fontWeight": 500,
        }
      }
    >
      Azure Cosmos DB Notebook Gallery - Code of Conduct
    </Text>
  </StackItem>
  <StackItem>
    <Text>
      The notebook public gallery contains notebook samples shared by users of Azure Cosmos DB.
    </Text>
  </StackItem>
  <StackItem>
    <Text>
      In order to view and publish your samples to the gallery, you must accept the 
      <StyledLinkBase
        href="https://aka.ms/cosmos-code-of-conduct"
        target="_blank"
      >
        code of conduct.
      </StyledLinkBase>
    </Text>
  </StackItem>
  <StackItem>
    <StyledCheckboxBase
      label="I have read and accept the code of conduct."
      onChange={[Function]}
      styles={
        {
          "label": {
            "margin": 0,
            "padding": "2 0 2 0",
          },
          "text": {
            "fontSize": 12,
          },
        }
      }
    />
  </StackItem>
  <StackItem>
    <CustomizedPrimaryButton
      ariaLabel="Continue"
      className="genericPaneSubmitBtn"
      disabled={true}
      onClick={[Function]}
      tabIndex={0}
      text="Continue"
      title="Continue"
    />
  </StackItem>
</Stack>
`;
