// Jest Snapshot v1, https://goo.gl/fbAQLP

exports[`PaneContainerComponent test should be resize if notification console is expanded 1`] = `
<StyledPanelBase
  closeButtonAriaLabel="Close"
  customWidth="440px"
  headerClassName="panelHeader"
  headerText="test"
  isLightDismiss={true}
  isOpen={true}
  onDismiss={[Function]}
  style={
    Object {
      "height": "NaNpx",
    }
  }
  styles={
    Object {
      "commands": Object {
        "marginTop": 8,
      },
      "content": Object {
        "height": "100%",
        "padding": 0,
      },
      "header": Object {
        "padding": "0 0 8px 34px",
      },
      "navigation": Object {
        "borderBottom": "1px solid #cccccc",
      },
      "scrollableContent": Object {
        "height": "100%",
      },
    }
  }
  type={7}
>
  <div />
</StyledPanelBase>
`;

exports[`PaneContainerComponent test should render nothing if content is undefined 1`] = `<Fragment />`;

exports[`PaneContainerComponent test should render with panel content and header 1`] = `
<StyledPanelBase
  closeButtonAriaLabel="Close"
  customWidth="440px"
  headerClassName="panelHeader"
  headerText="test"
  isLightDismiss={true}
  isOpen={true}
  onDismiss={[Function]}
  style={
    Object {
      "height": "NaNpx",
    }
  }
  styles={
    Object {
      "commands": Object {
        "marginTop": 8,
      },
      "content": Object {
        "height": "100%",
        "padding": 0,
      },
      "header": Object {
        "padding": "0 0 8px 34px",
      },
      "navigation": Object {
        "borderBottom": "1px solid #cccccc",
      },
      "scrollableContent": Object {
        "height": "100%",
      },
    }
  }
  type={7}
>
  <div />
</StyledPanelBase>
`;
