// Jest Snapshot v1, https://goo.gl/fbAQLP

exports[`Resource tree for resource token should render 1`] = `
<div
  className="treeComponent dataResourceTree"
>
  <TreeNodeComponent
    generation={0}
    node={
      Object {
        "children": Array [
          Object {
            "children": Array [
              Object {
                "isSelected": [Function],
                "label": "Items",
                "onClick": [Function],
              },
            ],
            "className": "collectionHeader",
            "iconSrc": "",
            "isExpanded": true,
            "isSelected": [Function],
            "label": "fakeId",
            "onClick": [Function],
          },
        ],
        "isExpanded": true,
        "label": undefined,
      }
    }
    paddingLeft={0}
  />
</div>
`;
