// Jest Snapshot v1, https://goo.gl/fbAQLP

exports[`Resource tree for resource token should render 1`] = `
<div
  className="treeComponent dataResourceTree"
  role="tree"
>
  <TreeNodeComponent
    generation={0}
    node={
      Object {
        "children": Array [],
        "isExpanded": true,
        "label": undefined,
      }
    }
    paddingLeft={0}
  />
</div>
`;
