// Jest Snapshot v1, https://goo.gl/fbAQLP

exports[`IndexingPolicyRefreshComponent renders 1`] = `
<StyledMessageBar
  messageBarType={5}
>
  <Text
    styles={
      {
        "root": {
          "color": "var(--colorNeutralForeground1)",
          "fontSize": 14,
        },
      }
    }
  >
    You can make more indexing changes once the current index transformation has completed. It is 90% complete. 
    <StyledLinkBase
      onClick={[Function]}
    >
      Refresh to check the progress.
    </StyledLinkBase>
  </Text>
</StyledMessageBar>
`;
