// Jest Snapshot v1, https://goo.gl/fbAQLP

exports[`New Vertex Panel should render default property 1`] = `
<RightPaneForm
  expandConsole={[Function]}
  formError=""
  isExecuting={false}
  onSubmit={[Function]}
  submitButtonText="OK"
>
  <div
    className="panelMainContent"
  >
    <NewVertexComponent
      onChangeProp={[Function]}
      partitionKeyPropertyProp=""
    />
  </div>
</RightPaneForm>
`;
