// Jest Snapshot v1, https://goo.gl/fbAQLP

exports[`GalleryViewerComponent renders 1`] = `
<div
  className="galleryContainer"
>
  <StyledPivot
    onLinkClick={[Function]}
    selectedKey="OfficialSamples"
  >
    <PivotItem
      headerText="Official samples"
      itemKey="OfficialSamples"
      key="OfficialSamples"
      style={
        {
          "marginTop": 20,
        }
      }
    >
      <Stack
        tokens={
          {
            "childrenGap": 10,
          }
        }
      >
        <Stack
          horizontal={true}
          tokens={
            {
              "childrenGap": 20,
              "padding": 10,
            }
          }
          wrap={true}
        >
          <StackItem
            grow={true}
          >
            <StyledSearchBox
              onChange={[Function]}
              placeholder="Search"
            />
          </StackItem>
          <StackItem>
            <StyledLabelBase>
              Sort by
            </StyledLabelBase>
          </StackItem>
          <StackItem
            styles={
              {
                "root": {
                  "minWidth": 200,
                },
              }
            }
          >
            <Dropdown
              onChange={[Function]}
              options={
                [
                  {
                    "key": 0,
                    "text": "Most viewed",
                  },
                  {
                    "key": 1,
                    "text": "Most downloaded",
                  },
                  {
                    "key": 3,
                    "text": "Most recent",
                  },
                  {
                    "key": 2,
                    "text": "Most favorited",
                  },
                ]
              }
              selectedKey={0}
            />
          </StackItem>
          <StackItem>
            <InfoComponent />
          </StackItem>
        </Stack>
        <StackItem>
          <StyledSpinnerBase
            size={3}
          />
        </StackItem>
      </Stack>
    </PivotItem>
  </StyledPivot>
</div>
`;
