// Jest Snapshot v1, https://goo.gl/fbAQLP

exports[`GalleryViewerComponent renders 1`] = `
<div
  className="galleryContainer"
>
  <StyledPivotBase
    onLinkClick={[Function]}
    selectedKey="OfficialSamples"
  >
    <PivotItem
      headerText="Official samples"
      itemKey="OfficialSamples"
      key="OfficialSamples"
      style={
        Object {
          "marginTop": 20,
        }
      }
    >
      <Stack
        tokens={
          Object {
            "childrenGap": 10,
          }
        }
      >
        <Stack
          horizontal={true}
          tokens={
            Object {
              "childrenGap": 20,
              "padding": 10,
            }
          }
        >
          <StackItem
            grow={true}
          >
            <StyledSearchBoxBase
              onChange={[Function]}
              placeholder="Search"
            />
          </StackItem>
          <StackItem>
            <StyledLabelBase>
              Sort by
            </StyledLabelBase>
          </StackItem>
          <StackItem
            styles={
              Object {
                "root": Object {
                  "minWidth": 200,
                },
              }
            }
          >
            <StyledWithResponsiveMode
              onChange={[Function]}
              options={
                Array [
                  Object {
                    "key": 0,
                    "text": "Most viewed",
                  },
                  Object {
                    "key": 1,
                    "text": "Most downloaded",
                  },
                  Object {
                    "key": 3,
                    "text": "Most recent",
                  },
                ]
              }
              selectedKey={0}
            />
          </StackItem>
          <StackItem>
            <InfoComponent />
          </StackItem>
        </Stack>
        <StackItem>
          <FocusZone
            direction={2}
            isCircularNavigation={false}
            shouldRaiseClicks={true}
          >
            <List
              getPageSpecification={[Function]}
              onRenderCell={[Function]}
              renderedWindowsAhead={3}
              renderedWindowsBehind={2}
              startIndex={0}
            />
          </FocusZone>
        </StackItem>
      </Stack>
    </PivotItem>
  </StyledPivotBase>
</div>
`;
