// Jest Snapshot v1, https://goo.gl/fbAQLP

exports[`GalleryCardComponent renders 1`] = `
<StyledDocumentCardBase
  aria-label="name"
  styles={
    Object {
      "root": Object {
        "display": "inline-block",
        "marginRight": 20,
        "width": 256,
      },
    }
  }
>
  <StyledDocumentCardActivityBase
    activity="Invalid Date"
    people={
      Array [
        Object {
          "name": "author",
          "profileImageSrc": false,
        },
      ]
    }
  />
  <StyledDocumentCardPreviewBase
    previewImages={
      Array [
        Object {
          "height": 144,
          "imageFit": 2,
          "previewImageSrc": "thumbnailUrl",
          "width": 256,
        },
      ]
    }
  />
  <StyledDocumentCardDetailsBase>
    <Text
      nowrap={true}
      styles={
        Object {
          "root": Object {
            "height": 18,
            "padding": "2px 16px",
          },
        }
      }
      variant="small"
    >
      <span
        key="tag"
      >
        <StyledLinkBase
          onClick={[Function]}
        >
          tag
        </StyledLinkBase>
      </span>
    </Text>
    <StyledDocumentCardTitleBase
      shouldTruncate={true}
      title="name"
    />
    <StyledDocumentCardTitleBase
      showAsSecondaryTitle={true}
      title="description"
    />
    <span
      style={
        Object {
          "padding": "8px 16px",
        }
      }
    >
      <Text
        styles={
          Object {
            "root": Object {
              "color": "#605E5C",
              "paddingRight": 8,
            },
          }
        }
        variant="tiny"
      >
        <Icon
          iconName="RedEye"
          styles={
            Object {
              "root": Object {
                "verticalAlign": "middle",
              },
            }
          }
        />
         
        0
      </Text>
      <Text
        styles={
          Object {
            "root": Object {
              "color": "#605E5C",
              "paddingRight": 8,
            },
          }
        }
        variant="tiny"
      >
        <Icon
          iconName="Download"
          styles={
            Object {
              "root": Object {
                "verticalAlign": "middle",
              },
            }
          }
        />
         
        0
      </Text>
      <Text
        styles={
          Object {
            "root": Object {
              "color": "#605E5C",
              "paddingRight": 8,
            },
          }
        }
        variant="tiny"
      >
        <Icon
          iconName="Heart"
          styles={
            Object {
              "root": Object {
                "verticalAlign": "middle",
              },
            }
          }
        />
         
        0
      </Text>
    </span>
  </StyledDocumentCardDetailsBase>
  <StyledDocumentCardDetailsBase>
    <Separator
      styles={
        Object {
          "root": Object {
            "height": 1,
            "padding": 0,
          },
        }
      }
    />
    <span
      style={
        Object {
          "padding": "0px 16px",
        }
      }
    >
      <StyledTooltipHostBase
        calloutProps={
          Object {
            "gapSpace": 0,
          }
        }
        content="Favorite"
        id="TooltipHost-IconButton-Heart"
        styles={
          Object {
            "root": Object {
              "display": "inline-block",
              "float": "left",
            },
          }
        }
      >
        <CustomizedIconButton
          ariaLabel="Favorite"
          iconProps={
            Object {
              "iconName": "Heart",
            }
          }
          onClick={[Function]}
          title="Favorite"
        />
      </StyledTooltipHostBase>
      <StyledTooltipHostBase
        calloutProps={
          Object {
            "gapSpace": 0,
          }
        }
        content="Download"
        id="TooltipHost-IconButton-Download"
        styles={
          Object {
            "root": Object {
              "display": "inline-block",
              "float": "left",
            },
          }
        }
      >
        <CustomizedIconButton
          ariaLabel="Download"
          iconProps={
            Object {
              "iconName": "Download",
            }
          }
          onClick={[Function]}
          title="Download"
        />
      </StyledTooltipHostBase>
      <StyledTooltipHostBase
        calloutProps={
          Object {
            "gapSpace": 0,
          }
        }
        content="Remove"
        id="TooltipHost-IconButton-Delete"
        styles={
          Object {
            "root": Object {
              "display": "inline-block",
              "float": "right",
            },
          }
        }
      >
        <CustomizedIconButton
          ariaLabel="Remove"
          iconProps={
            Object {
              "iconName": "Delete",
            }
          }
          onClick={[Function]}
          title="Remove"
        />
      </StyledTooltipHostBase>
    </span>
  </StyledDocumentCardDetailsBase>
</StyledDocumentCardBase>
`;
