// Jest Snapshot v1, https://goo.gl/fbAQLP

exports[`Explanation Bubble should render explanation bubble with generated comments 1`] = `
<Stack
  style={
    Object {
      "alignItems": "center",
      "display": "flex",
      "margin": "5px",
      "padding": "5px 5px 5px 50px",
    }
  }
>
  <Text
    onClick={[Function]}
    style={
      Object {
        "border": "1.5px solid #B0BEFF",
        "borderRadius": "4px",
        "cursor": "pointer",
        "marginBottom": "5px",
        "padding": "2px",
        "width": "100%",
      }
    }
  >
    Explain this query to me
  </Text>
</Stack>
`;

exports[`Explanation Bubble should render nothing when conditions are not met 1`] = `""`;
