// Jest Snapshot v1, https://goo.gl/fbAQLP

exports[`AddMongoIndexComponent renders 1`] = `
<Stack
  tokens={
    {
      "childrenGap": 5,
    }
  }
>
  <Stack
    horizontal={true}
    tokens={
      {
        "childrenGap": 20,
      }
    }
  >
    <StyledTextFieldBase
      ariaLabel="Index Field Name 1"
      componentRef={[Function]}
      onChange={[Function]}
      styles={
        {
          "field": {
            "backgroundColor": "var(--colorNeutralBackground2)",
            "color": "var(--colorNeutralForeground1)",
          },
          "fieldGroup": {
            "backgroundColor": "var(--colorNeutralBackground2)",
            "borderColor": "var(--colorNeutralStroke1)",
          },
          "root": {
            "paddingLeft": 10,
            "width": 210,
          },
        }
      }
      value="sample_key"
    />
    <Dropdown
      ariaLabel="Index Type 1"
      onChange={[Function]}
      options={
        [
          {
            "key": "Single",
            "text": "Single Field",
          },
          {
            "key": "Wildcard",
            "text": "Wildcard",
          },
        ]
      }
      placeholder="Select an index type"
      selectedKey="Single"
      styles={
        {
          "callout": {
            "backgroundColor": "var(--colorNeutralBackground2)",
            "border": "1px solid var(--colorNeutralStroke1)",
          },
          "caretDown": {
            "color": "var(--colorNeutralForeground1)",
          },
          "dropdown": {
            "paddingLeft": 10,
            "width": 202,
          },
          "dropdownItem": {
            "backgroundColor": "transparent",
            "color": "var(--colorNeutralForeground1)",
            "selectors": {
              "&:focus": {
                "backgroundColor": "rgba(255, 255, 255, 0.1)",
                "color": "var(--colorNeutralForeground1)",
              },
              "&:hover": {
                "backgroundColor": "rgba(255, 255, 255, 0.1)",
                "color": "var(--colorNeutralForeground1)",
              },
            },
          },
          "dropdownItemSelected": {
            "backgroundColor": "rgba(255, 255, 255, 0.08)",
            "color": "var(--colorNeutralForeground1)",
            "selectors": {
              "&:hover": {
                "backgroundColor": "rgba(255, 255, 255, 0.1)",
                "color": "var(--colorNeutralForeground1)",
              },
            },
          },
          "dropdownItems": {
            "backgroundColor": "var(--colorNeutralBackground2)",
          },
          "dropdownOptionText": {
            "color": "var(--colorNeutralForeground1)",
          },
          "title": {
            "backgroundColor": "var(--colorNeutralBackground2)",
            "borderColor": "var(--colorNeutralStroke1)",
            "color": "var(--colorNeutralForeground1)",
          },
        }
      }
    />
    <CustomizedIconButton
      ariaLabel="Undo Button 1"
      disabled={false}
      iconProps={
        {
          "iconName": "Undo",
        }
      }
      onClick={[Function]}
    />
  </Stack>
  <StyledMessageBar
    messageBarType={1}
    styles={
      {
        "root": {
          "marginLeft": 10,
        },
      }
    }
  >
    sample error
  </StyledMessageBar>
</Stack>
`;
