// Jest Snapshot v1, https://goo.gl/fbAQLP

exports[`Query copilot tab snapshot test should render with initial input 1`] = `
<Stack
  className="tab-pane"
  style={
    Object {
      "width": "100%",
    }
  }
>
  <div
    style={
      Object {
        "height": "100%",
        "overflowY": "auto",
      }
    }
  >
    <Stack
      className="tabPaneContentContainer"
    >
      <t
        customClassName=""
        onDragEnd={null}
        onDragStart={null}
        onSecondaryPaneSizeChange={null}
        percentage={false}
        primaryIndex={0}
        primaryMinSize={100}
        secondaryMinSize={200}
        vertical={true}
      >
        <EditorReact
          ariaLabel="Editing Query"
          content="SELECT * FROM c"
          isReadOnly={false}
          language="sql"
          lineNumbers="on"
          onContentChanged={[Function]}
          onContentSelected={[Function]}
          wordWrap="on"
        />
        <QueryCopilotResults />
      </t>
    </Stack>
  </div>
</Stack>
`;
