// Jest Snapshot v1, https://goo.gl/fbAQLP

exports[`Query copilot tab snapshot test should render with initial input 1`] = `
<Stack
  className="tab-pane"
  style={
    Object {
      "padding": 24,
      "width": "100%",
    }
  }
>
  <div
    style={
      Object {
        "height": "100%",
        "overflowY": "auto",
      }
    }
  >
    <Stack
      horizontal={true}
      verticalAlign="center"
    >
      <Image
        src={Object {}}
      />
      <Text
        style={
          Object {
            "fontSize": 16,
            "fontWeight": 600,
            "marginLeft": 8,
          }
        }
      >
        Copilot
      </Text>
    </Stack>
    <Stack
      horizontal={true}
      style={
        Object {
          "marginTop": 16,
          "position": "relative",
          "width": "100%",
        }
      }
      verticalAlign="center"
    >
      <StyledTextFieldBase
        autoComplete="off"
        disabled={false}
        id="naturalLanguageInput"
        onChange={[Function]}
        onClick={[Function]}
        onKeyDown={[Function]}
        style={
          Object {
            "lineHeight": 30,
          }
        }
        styles={
          Object {
            "root": Object {
              "width": "95%",
            },
          }
        }
        value=""
      />
      <CustomizedIconButton
        disabled={true}
        iconProps={
          Object {
            "iconName": "Send",
          }
        }
        onClick={[Function]}
        style={
          Object {
            "marginLeft": 8,
          }
        }
      />
    </Stack>
    <Stack
      style={
        Object {
          "marginBottom": 24,
          "marginTop": 8,
        }
      }
    >
      <Text
        style={
          Object {
            "fontSize": 12,
          }
        }
      >
        AI-generated content can have mistakes. Make sure it's accurate and appropriate before using it.
         
        <StyledLinkBase
          href="http://aka.ms/cdb-copilot-preview-terms"
          target="_blank"
        >
          Read preview terms
        </StyledLinkBase>
      </Text>
    </Stack>
    <Stack
      className="tabPaneContentContainer"
    >
      <t
        customClassName=""
        onDragEnd={null}
        onDragStart={null}
        onSecondaryPaneSizeChange={null}
        percentage={false}
        primaryIndex={0}
        primaryMinSize={100}
        secondaryMinSize={200}
        vertical={true}
      >
        <EditorReact
          ariaLabel="Editing Query"
          content=""
          isReadOnly={false}
          language="sql"
          lineNumbers="on"
          onContentChanged={[Function]}
          onContentSelected={[Function]}
        />
        <QueryResultSection
          error=""
          executeQueryDocumentsPage={[Function]}
          isExecuting={false}
          isMongoDB={false}
          queryEditorContent=""
        />
      </t>
    </Stack>
    <WelcomeModal
      visible={true}
    />
    <CopyPopup
      setShowCopyPopup={[Function]}
      showCopyPopup={false}
    />
  </div>
</Stack>
`;
