// Jest Snapshot v1, https://goo.gl/fbAQLP

exports[`ScaleComponent renders with correct intiial notification 1`] = `
<Stack
  tokens={
    Object {
      "childrenGap": 20,
    }
  }
>
  <Stack
    tokens={
      Object {
        "childrenGap": 20,
      }
    }
  >
    <ThroughputInputAutoPilotV3Component
      isAutoPilotSelected={false}
      isEmulator={false}
      isEnabled={true}
      isFixed={false}
      label="Throughput (6,000 - unlimited RU/s)"
      maxAutoPilotThroughput={4000}
      maxAutoPilotThroughputBaseline={4000}
      minimum={6000}
      onAutoPilotSelected={[Function]}
      onMaxAutoPilotThroughputChange={[Function]}
      onScaleDiscardableChange={[Function]}
      onScaleSaveableChange={[Function]}
      onThroughputChange={[Function]}
      spendAckChecked={false}
      throughput={1000}
      throughputBaseline={1000}
      wasAutopilotOriginallySet={true}
    />
    <Stack
      tokens={
        Object {
          "childrenGap": 5,
        }
      }
    >
      <StyledLabelBase>
        Storage capacity
      </StyledLabelBase>
      <Text>
        Unlimited
      </Text>
    </Stack>
  </Stack>
</Stack>
`;
