// Jest Snapshot v1, https://goo.gl/fbAQLP

exports[`ToolTipLabelComponent renders 1`] = `
<Fragment>
  <Stack
    horizontal={true}
    tokens={
      Object {
        "childrenGap": 6,
      }
    }
    verticalAlign="center"
  >
    <Text
      style={
        Object {
          "fontWeight": 600,
        }
      }
    >
      sample tool tip label
    </Text>
    <div>
      <Memo(StyledIconBase)
        ariaLabel="Info"
        iconName="Info"
        onMouseOut={[Function]}
        onMouseOver={[Function]}
        styles={
          Object {
            "root": Object {
              "marginBottom": -3,
            },
          }
        }
      />
    </div>
  </Stack>
</Fragment>
`;
