// Jest Snapshot v1, https://goo.gl/fbAQLP

exports[`Footer snapshot test should render  1`] = `
<Stack
  style={
    Object {
      "backgroundColor": "#FAFAFA",
      "height": "100%",
      "overflow": "auto",
      "width": "100%",
    }
  }
>
  <div
    style={
      Object {
        "backgroundColor": "white",
        "borderRadius": "20px",
        "boxSizing": "border-box",
        "margin": "20px 10px",
        "maxHeight": "100%",
        "padding": "20px",
      }
    }
  >
    <Stack
      horizontalAlign="center"
      verticalAlign="center"
    >
      <Image
        src=""
      />
    </Stack>
    <Stack>
      <StackItem
        align="center"
        style={
          Object {
            "marginBottom": "10px",
          }
        }
      >
        <Text
          className="title bold"
        >
          Welcome to Copilot in CosmosDB
        </Text>
      </StackItem>
      <StackItem
        style={
          Object {
            "marginBottom": "15px",
          }
        }
      >
        <Stack>
          <Stack
            horizontal={true}
          >
            <StackItem
              align="start"
            >
              <Image
                src=""
              />
            </StackItem>
            <StackItem
              align="center"
              style={
                Object {
                  "marginLeft": "10px",
                }
              }
            >
              <Text
                style={
                  Object {
                    "fontWeight": 600,
                  }
                }
              >
                Let copilot do the work for you
                <br />
              </Text>
            </StackItem>
          </Stack>
          <StackItem
            style={
              Object {
                "marginLeft": "25px",
                "textAlign": "start",
              }
            }
          >
            <Text>
              Ask Copilot to generate a query by describing the query in your words.
              <br />
              <StyledLinkBase
                href="http://aka.ms/cdb-copilot-learn-more"
              >
                Learn more
              </StyledLinkBase>
            </Text>
          </StackItem>
        </Stack>
      </StackItem>
      <StackItem
        style={
          Object {
            "marginBottom": "15px",
          }
        }
      >
        <Stack>
          <Stack
            horizontal={true}
          >
            <StackItem
              align="start"
            >
              <Image
                src=""
              />
            </StackItem>
            <StackItem
              align="center"
              style={
                Object {
                  "marginLeft": "10px",
                }
              }
            >
              <Text
                style={
                  Object {
                    "fontWeight": 600,
                  }
                }
              >
                Use your judgement
                <br />
              </Text>
            </StackItem>
          </Stack>
          <StackItem
            style={
              Object {
                "marginLeft": "25px",
                "textAlign": "start",
              }
            }
          >
            <Text>
              AI-generated content can have mistakes. Make sure it’s accurate and appropriate before using it.
              <br />
              <StyledLinkBase
                href="http://aka.ms/cdb-copilot-preview-terms"
              >
                Read preview terms
              </StyledLinkBase>
            </Text>
          </StackItem>
        </Stack>
      </StackItem>
      <StackItem
        style={
          Object {
            "marginBottom": "15px",
          }
        }
      >
        <Stack>
          <Stack
            horizontal={true}
          >
            <StackItem
              align="start"
            >
              <Image
                src=""
              />
            </StackItem>
            <StackItem
              align="center"
              style={
                Object {
                  "marginLeft": "10px",
                }
              }
            >
              <Text
                style={
                  Object {
                    "fontWeight": 600,
                  }
                }
              >
                Copilot currently works only a sample database
                <br />
              </Text>
            </StackItem>
          </Stack>
          <StackItem
            style={
              Object {
                "marginLeft": "25px",
                "textAlign": "start",
              }
            }
          >
            <Text>
              Copilot is setup on a sample database we have configured for you at no cost
              <br />
              <StyledLinkBase
                href="http://aka.ms/cdb-copilot-learn-more"
              >
                Learn more
              </StyledLinkBase>
            </Text>
          </StackItem>
        </Stack>
      </StackItem>
    </Stack>
    <Stack>
      <StackItem
        align="center"
      >
        <CustomizedPrimaryButton
          onClick={[Function]}
          style={
            Object {
              "height": "32px",
              "width": "224px",
            }
          }
        >
          Get Started
        </CustomizedPrimaryButton>
      </StackItem>
    </Stack>
  </div>
</Stack>
`;
