// Jest Snapshot v1, https://goo.gl/fbAQLP

exports[`AddDatabasePane Pane should render Default properly 1`] = `
<GenericRightPaneComponent
  container={
    Explorer {
      "_closeModalDialog": [Function],
      "_closeSynapseLinkModalDialog": [Function],
      "_isAfecFeatureRegistered": [Function],
      "_isInitializingNotebooks": false,
      "_panes": Array [
        AddDatabasePane {
          "autoPilotUsageCost": [Function],
          "canConfigureThroughput": [Function],
          "canExceedMaximumValue": [Function],
          "canRequestSupport": [Function],
          "container": [Circular],
          "costsVisible": [Function],
          "databaseCreateNewShared": [Function],
          "databaseId": [Function],
          "databaseIdLabel": [Function],
          "databaseIdPlaceHolder": [Function],
          "databaseIdTooltipText": [Function],
          "databaseLevelThroughputTooltipText": [Function],
          "firstFieldHasFocus": [Function],
          "formErrors": [Function],
          "formErrorsDetails": [Function],
          "freeTierExceedThroughputTooltip": [Function],
          "id": "adddatabasepane",
          "isAutoPilotSelected": [Function],
          "isExecuting": [Function],
          "isFreeTierAccount": [Function],
          "isTemplateReady": [Function],
          "maxAutoPilotThroughputSet": [Function],
          "maxThroughputRU": [Function],
          "maxThroughputRUText": [Function],
          "minThroughputRU": [Function],
          "onMoreDetailsKeyPress": [Function],
          "requestUnitsUsageCost": [Function],
          "ruToolTipText": [Function],
          "showUpsellMessage": [Function],
          "throughput": [Function],
          "throughputRangeText": [Function],
          "throughputSpendAck": [Function],
          "throughputSpendAckText": [Function],
          "throughputSpendAckVisible": [Function],
          "title": [Function],
          "upsellAnchorText": [Function],
          "upsellAnchorUrl": [Function],
          "upsellMessage": [Function],
          "upsellMessageAriaLabel": [Function],
          "visible": [Function],
        },
        AddCollectionPane {
          "_isSynapseLinkEnabled": [Function],
          "autoPilotThroughput": [Function],
          "autoPilotUsageCost": [Function],
          "canConfigureThroughput": [Function],
          "canExceedMaximumValue": [Function],
          "canRequestSupport": [Function],
          "collectionId": [Function],
          "collectionIdTitle": [Function],
          "collectionWithThroughputInShared": [Function],
          "collectionWithThroughputInSharedTitle": [Function],
          "container": [Circular],
          "costsVisible": [Function],
          "databaseCreateNew": [Function],
          "databaseCreateNewShared": [Function],
          "databaseHasSharedOffer": [Function],
          "databaseId": [Function],
          "databaseIds": [Function],
          "dedicatedRequestUnitsUsageCost": [Function],
          "displayCollectionThroughput": [Function],
          "firstFieldHasFocus": [Function],
          "formErrors": [Function],
          "formErrorsDetails": [Function],
          "formWarnings": [Function],
          "freeTierExceedThroughputTooltip": [Function],
          "id": "addcollectionpane",
          "isAnalyticalStorageOn": [Function],
          "isAutoPilotSelected": [Function],
          "isExecuting": [Function],
          "isFixedStorageSelected": [Function],
          "isFreeTierAccount": [Function],
          "isNonTableApi": [Function],
          "isPreferredApiTable": [Function],
          "isSharedAutoPilotSelected": [Function],
          "isSynapseLinkSupported": [Function],
          "isSynapseLinkUpdating": [Function],
          "isTemplateReady": [Function],
          "isTryCosmosDBSubscription": [Function],
          "isUnlimitedStorageSelected": [Function],
          "largePartitionKey": [Function],
          "lowerCasePartitionKeyName": [Function],
          "maxCollectionsReached": [Function],
          "maxCollectionsReachedMessage": [Function],
          "maxThroughputRU": [Function],
          "minThroughputRU": [Function],
          "onMoreDetailsKeyPress": [Function],
          "partitionKey": [Function],
          "partitionKeyName": [Function],
          "partitionKeyPattern": [Function],
          "partitionKeyPlaceholder": [Function],
          "partitionKeyTitle": [Function],
          "partitionKeyVisible": [Function],
          "requestUnitsUsageCost": [Function],
          "ruToolTipText": [Function],
          "sharedAutoPilotThroughput": [Function],
          "sharedThroughputRangeText": [Function],
          "shouldCreateMongoWildcardIndex": [Function],
          "shouldUseDatabaseThroughput": [Function],
          "showAnalyticalStore": [Function],
          "showEnableSynapseLink": [Function],
          "showIndexingOptionsForSharedThroughput": [Function],
          "showUpsellMessage": [Function],
          "storage": [Function],
          "throughputDatabase": [Function],
          "throughputMultiPartition": [Function],
          "throughputRangeText": [Function],
          "throughputSinglePartition": [Function],
          "throughputSpendAck": [Function],
          "throughputSpendAckText": [Function],
          "throughputSpendAckVisible": [Function],
          "title": [Function],
          "ttl90DaysEnabled": [Function],
          "uniqueKeys": [Function],
          "uniqueKeysPlaceholder": [Function],
          "uniqueKeysVisible": [Function],
          "upsellAnchorText": [Function],
          "upsellAnchorUrl": [Function],
          "upsellMessage": [Function],
          "upsellMessageAriaLabel": [Function],
          "useIndexingForSharedThroughput": [Function],
          "visible": [Function],
        },
        GraphStylingPane {
          "container": [Circular],
          "firstFieldHasFocus": [Function],
          "formErrors": [Function],
          "formErrorsDetails": [Function],
          "graphConfigUIData": Object {
            "nodeCaptionChoice": [Function],
            "nodeColorKeyChoice": [Function],
            "nodeIconChoice": [Function],
            "nodeIconSet": [Function],
            "nodeProperties": [Function],
            "nodePropertiesWithNone": [Function],
            "showNeighborType": [Function],
          },
          "id": "graphstylingpane",
          "isExecuting": [Function],
          "isTemplateReady": [Function],
          "title": [Function],
          "visible": [Function],
        },
        CassandraAddCollectionPane {
          "autoPilotUsageCost": [Function],
          "canConfigureThroughput": [Function],
          "canExceedMaximumValue": [Function],
          "canRequestSupport": [Function],
          "container": [Circular],
          "costsVisible": [Function],
          "createTableQuery": [Function],
          "dedicateTableThroughput": [Function],
          "firstFieldHasFocus": [Function],
          "formErrors": [Function],
          "formErrorsDetails": [Function],
          "id": "cassandraaddcollectionpane",
          "isAutoPilotSelected": [Function],
          "isExecuting": [Function],
          "isFreeTierAccount": [Function],
          "isSharedAutoPilotSelected": [Function],
          "isTemplateReady": [Function],
          "keyspaceCreateNew": [Function],
          "keyspaceHasSharedOffer": [Function],
          "keyspaceId": [Function],
          "keyspaceIds": [Function],
          "keyspaceOffers": Map {},
          "keyspaceThroughput": [Function],
          "maxThroughputRU": [Function],
          "minThroughputRU": [Function],
          "requestUnitsUsageCostDedicated": [Function],
          "requestUnitsUsageCostShared": [Function],
          "ruToolTipText": [Function],
          "selectedAutoPilotThroughput": [Function],
          "sharedAutoPilotThroughput": [Function],
          "sharedThroughputRangeText": [Function],
          "sharedThroughputSpendAck": [Function],
          "sharedThroughputSpendAckText": [Function],
          "sharedThroughputSpendAckVisible": [Function],
          "tableId": [Function],
          "throughput": [Function],
          "throughputRangeText": [Function],
          "throughputSpendAck": [Function],
          "throughputSpendAckText": [Function],
          "throughputSpendAckVisible": [Function],
          "title": [Function],
          "userTableQuery": [Function],
          "visible": [Function],
        },
      ],
      "_refreshSparkEnabledStateForAccount": [Function],
      "_resetNotebookWorkspace": [Function],
      "addCollectionPane": AddCollectionPane {
        "_isSynapseLinkEnabled": [Function],
        "autoPilotThroughput": [Function],
        "autoPilotUsageCost": [Function],
        "canConfigureThroughput": [Function],
        "canExceedMaximumValue": [Function],
        "canRequestSupport": [Function],
        "collectionId": [Function],
        "collectionIdTitle": [Function],
        "collectionWithThroughputInShared": [Function],
        "collectionWithThroughputInSharedTitle": [Function],
        "container": [Circular],
        "costsVisible": [Function],
        "databaseCreateNew": [Function],
        "databaseCreateNewShared": [Function],
        "databaseHasSharedOffer": [Function],
        "databaseId": [Function],
        "databaseIds": [Function],
        "dedicatedRequestUnitsUsageCost": [Function],
        "displayCollectionThroughput": [Function],
        "firstFieldHasFocus": [Function],
        "formErrors": [Function],
        "formErrorsDetails": [Function],
        "formWarnings": [Function],
        "freeTierExceedThroughputTooltip": [Function],
        "id": "addcollectionpane",
        "isAnalyticalStorageOn": [Function],
        "isAutoPilotSelected": [Function],
        "isExecuting": [Function],
        "isFixedStorageSelected": [Function],
        "isFreeTierAccount": [Function],
        "isNonTableApi": [Function],
        "isPreferredApiTable": [Function],
        "isSharedAutoPilotSelected": [Function],
        "isSynapseLinkSupported": [Function],
        "isSynapseLinkUpdating": [Function],
        "isTemplateReady": [Function],
        "isTryCosmosDBSubscription": [Function],
        "isUnlimitedStorageSelected": [Function],
        "largePartitionKey": [Function],
        "lowerCasePartitionKeyName": [Function],
        "maxCollectionsReached": [Function],
        "maxCollectionsReachedMessage": [Function],
        "maxThroughputRU": [Function],
        "minThroughputRU": [Function],
        "onMoreDetailsKeyPress": [Function],
        "partitionKey": [Function],
        "partitionKeyName": [Function],
        "partitionKeyPattern": [Function],
        "partitionKeyPlaceholder": [Function],
        "partitionKeyTitle": [Function],
        "partitionKeyVisible": [Function],
        "requestUnitsUsageCost": [Function],
        "ruToolTipText": [Function],
        "sharedAutoPilotThroughput": [Function],
        "sharedThroughputRangeText": [Function],
        "shouldCreateMongoWildcardIndex": [Function],
        "shouldUseDatabaseThroughput": [Function],
        "showAnalyticalStore": [Function],
        "showEnableSynapseLink": [Function],
        "showIndexingOptionsForSharedThroughput": [Function],
        "showUpsellMessage": [Function],
        "storage": [Function],
        "throughputDatabase": [Function],
        "throughputMultiPartition": [Function],
        "throughputRangeText": [Function],
        "throughputSinglePartition": [Function],
        "throughputSpendAck": [Function],
        "throughputSpendAckText": [Function],
        "throughputSpendAckVisible": [Function],
        "title": [Function],
        "ttl90DaysEnabled": [Function],
        "uniqueKeys": [Function],
        "uniqueKeysPlaceholder": [Function],
        "uniqueKeysVisible": [Function],
        "upsellAnchorText": [Function],
        "upsellAnchorUrl": [Function],
        "upsellMessage": [Function],
        "upsellMessageAriaLabel": [Function],
        "useIndexingForSharedThroughput": [Function],
        "visible": [Function],
      },
      "addCollectionText": [Function],
      "addDatabasePane": AddDatabasePane {
        "autoPilotUsageCost": [Function],
        "canConfigureThroughput": [Function],
        "canExceedMaximumValue": [Function],
        "canRequestSupport": [Function],
        "container": [Circular],
        "costsVisible": [Function],
        "databaseCreateNewShared": [Function],
        "databaseId": [Function],
        "databaseIdLabel": [Function],
        "databaseIdPlaceHolder": [Function],
        "databaseIdTooltipText": [Function],
        "databaseLevelThroughputTooltipText": [Function],
        "firstFieldHasFocus": [Function],
        "formErrors": [Function],
        "formErrorsDetails": [Function],
        "freeTierExceedThroughputTooltip": [Function],
        "id": "adddatabasepane",
        "isAutoPilotSelected": [Function],
        "isExecuting": [Function],
        "isFreeTierAccount": [Function],
        "isTemplateReady": [Function],
        "maxAutoPilotThroughputSet": [Function],
        "maxThroughputRU": [Function],
        "maxThroughputRUText": [Function],
        "minThroughputRU": [Function],
        "onMoreDetailsKeyPress": [Function],
        "requestUnitsUsageCost": [Function],
        "ruToolTipText": [Function],
        "showUpsellMessage": [Function],
        "throughput": [Function],
        "throughputRangeText": [Function],
        "throughputSpendAck": [Function],
        "throughputSpendAckText": [Function],
        "throughputSpendAckVisible": [Function],
        "title": [Function],
        "upsellAnchorText": [Function],
        "upsellAnchorUrl": [Function],
        "upsellMessage": [Function],
        "upsellMessageAriaLabel": [Function],
        "visible": [Function],
      },
      "addDatabaseText": [Function],
      "arcadiaToken": [Function],
      "canExceedMaximumValue": [Function],
      "canSaveQueries": [Function],
      "cassandraAddCollectionPane": CassandraAddCollectionPane {
        "autoPilotUsageCost": [Function],
        "canConfigureThroughput": [Function],
        "canExceedMaximumValue": [Function],
        "canRequestSupport": [Function],
        "container": [Circular],
        "costsVisible": [Function],
        "createTableQuery": [Function],
        "dedicateTableThroughput": [Function],
        "firstFieldHasFocus": [Function],
        "formErrors": [Function],
        "formErrorsDetails": [Function],
        "id": "cassandraaddcollectionpane",
        "isAutoPilotSelected": [Function],
        "isExecuting": [Function],
        "isFreeTierAccount": [Function],
        "isSharedAutoPilotSelected": [Function],
        "isTemplateReady": [Function],
        "keyspaceCreateNew": [Function],
        "keyspaceHasSharedOffer": [Function],
        "keyspaceId": [Function],
        "keyspaceIds": [Function],
        "keyspaceOffers": Map {},
        "keyspaceThroughput": [Function],
        "maxThroughputRU": [Function],
        "minThroughputRU": [Function],
        "requestUnitsUsageCostDedicated": [Function],
        "requestUnitsUsageCostShared": [Function],
        "ruToolTipText": [Function],
        "selectedAutoPilotThroughput": [Function],
        "sharedAutoPilotThroughput": [Function],
        "sharedThroughputRangeText": [Function],
        "sharedThroughputSpendAck": [Function],
        "sharedThroughputSpendAckText": [Function],
        "sharedThroughputSpendAckVisible": [Function],
        "tableId": [Function],
        "throughput": [Function],
        "throughputRangeText": [Function],
        "throughputSpendAck": [Function],
        "throughputSpendAckText": [Function],
        "throughputSpendAckVisible": [Function],
        "title": [Function],
        "userTableQuery": [Function],
        "visible": [Function],
      },
      "clickHostedAccountSwitch": [Function],
      "clickHostedDirectorySwitch": [Function],
      "closeDialog": undefined,
      "closeSidePanel": undefined,
      "collapsedResourceTreeWidth": 36,
      "collectionCreationDefaults": Object {
        "storage": "100",
        "throughput": Object {
          "fixed": 400,
          "shared": 400,
          "unlimited": 400,
          "unlimitedmax": 1000000,
          "unlimitedmin": 400,
        },
      },
      "collectionTitle": [Function],
      "collectionTreeNodeAltText": [Function],
      "commandBarComponentAdapter": CommandBarComponentAdapter {
        "container": [Circular],
        "isNotebookTabActive": [Function],
        "parameters": [Function],
        "tabsButtons": Array [],
      },
      "databaseAccount": [Function],
      "databases": [Function],
      "defaultExperience": [Function],
      "deleteCollectionText": [Function],
      "deleteDatabaseText": [Function],
      "graphStylingPane": GraphStylingPane {
        "container": [Circular],
        "firstFieldHasFocus": [Function],
        "formErrors": [Function],
        "formErrorsDetails": [Function],
        "graphConfigUIData": Object {
          "nodeCaptionChoice": [Function],
          "nodeColorKeyChoice": [Function],
          "nodeIconChoice": [Function],
          "nodeIconSet": [Function],
          "nodeProperties": [Function],
          "nodePropertiesWithNone": [Function],
          "showNeighborType": [Function],
        },
        "id": "graphstylingpane",
        "isExecuting": [Function],
        "isTemplateReady": [Function],
        "title": [Function],
        "visible": [Function],
      },
      "hasStorageAnalyticsAfecFeature": [Function],
      "isAccountReady": [Function],
      "isAutoscaleDefaultEnabled": [Function],
      "isEnableMongoCapabilityPresent": [Function],
      "isFixedCollectionWithSharedThroughputSupported": [Function],
      "isGitHubPaneEnabled": [Function],
      "isHostedDataExplorerEnabled": [Function],
      "isLeftPaneExpanded": [Function],
      "isMongoIndexingEnabled": [Function],
      "isNotebookEnabled": [Function],
      "isNotebooksEnabledForAccount": [Function],
      "isPublishNotebookPaneEnabled": [Function],
      "isResourceTokenCollectionNodeSelected": [Function],
      "isRightPanelV2Enabled": [Function],
      "isSchemaEnabled": [Function],
      "isServerlessEnabled": [Function],
      "isSparkEnabled": [Function],
      "isSparkEnabledForAccount": [Function],
      "isSynapseLinkUpdating": [Function],
      "isTabsContentExpanded": [Function],
      "memoryUsageInfo": [Function],
      "notebookBasePath": [Function],
      "notebookServerInfo": [Function],
      "onRefreshDatabasesKeyPress": [Function],
      "onRefreshResourcesClick": [Function],
      "onSwitchToConnectionString": [Function],
      "openDialog": undefined,
      "openSidePanel": undefined,
      "provideFeedbackEmail": [Function],
      "queriesClient": QueriesClient {
        "container": [Circular],
      },
      "refreshDatabaseAccount": [Function],
      "refreshNotebookList": [Function],
      "refreshTreeTitle": [Function],
      "resourceTokenCollection": [Function],
      "resourceTokenCollectionId": [Function],
      "resourceTokenDatabaseId": [Function],
      "resourceTokenPartitionKey": [Function],
      "resourceTree": ResourceTreeAdapter {
        "container": [Circular],
        "copyNotebook": [Function],
        "databaseCollectionIdMap": Map {},
        "koSubsCollectionIdMap": Map {},
        "koSubsDatabaseIdMap": Map {},
        "parameters": [Function],
      },
      "resourceTreeForResourceToken": ResourceTreeAdapterForResourceToken {
        "container": [Circular],
        "parameters": [Function],
      },
      "selectedDatabaseId": [Function],
      "selectedNode": [Function],
      "setInProgressConsoleDataIdToBeDeleted": undefined,
      "setIsNotificationConsoleExpanded": undefined,
      "setNotificationConsoleData": undefined,
      "signInAad": [Function],
      "sparkClusterConnectionInfo": [Function],
      "splitter": Splitter {
        "bounds": Object {
          "max": 400,
          "min": 240,
        },
        "direction": "vertical",
        "isCollapsed": [Function],
        "leftSideId": "resourcetree",
        "onResizeStart": [Function],
        "onResizeStop": [Function],
        "splitterId": "h_splitter1",
      },
      "tabsManager": TabsManager {
        "activeTab": [Function],
        "openedTabs": [Function],
      },
      "toggleLeftPaneExpandedKeyPress": [Function],
    }
  }
  formError=""
  id="add-database-inputs"
  isExecuting={false}
  onClose={[Function]}
  onSubmit={[Function]}
  submitButtonText="OK"
  title="New Database"
>
  <form
    style={
      Object {
        "height": "100%",
      }
    }
  >
    <div
      aria-labelledby="databaseTitle"
      className="paneContentContainer"
      role="dialog"
    >
      <PanelInfoErrorComponent
        link="https://aka.ms/azure-cosmos-db-pricing"
        linkText="More details"
        message="Start at $24/mo per database, multiple containers included"
        messageType="info"
        openNotificationConsole={[Function]}
        showErrorDetails={false}
      />
      <div
        className="paneMainContent"
      >
        <div>
          <p>
            <span
              className="mandatoryStar"
            >
              *
            </span>
            <Text
              variant="small"
            >
              Database id
            </Text>
            <Tooltip>
              A database is a logical container of one or more collections
            </Tooltip>
          </p>
          <StyledTextFieldBase
            aria-label="Database id"
            aria-required="true"
            autoComplete="off"
            autoFocus={true}
            id="database-id"
            onChange={[Function]}
            pattern="[^/?#\\\\\\\\]*[^/?# \\\\\\\\]"
            placeholder="Type a new database id"
            size={40}
            title="May not end with space nor contain characters '\\\\' '/' '#' '?'"
            type="text"
            value=""
          />
          <div
            aria-label="New database provision support"
            className="databaseProvision"
            style={
              Object {
                "display": "block ruby",
              }
            }
          >
            <StyledCheckboxBase
              checked={true}
              label="Provision throughput"
              onChange={[Function]}
              styles={
                Object {
                  "checkbox": Object {
                    "height": 12,
                    "width": 12,
                  },
                  "label": Object {
                    "alignItems": "center",
                    "padding": 0,
                  },
                }
              }
              tabIndex={0}
              title="Provision shared throughput"
            />
             
            <Tooltip>
              Provisioned throughput at the database level will be shared across all collections within the database.
            </Tooltip>
          </div>
          <div>
            <ThroughputInput
              isAutoscaleSelected={false}
              isDatabase={true}
              onCostAcknowledgeChange={[Function]}
              setIsAutoscale={[Function]}
              setThroughputValue={[Function]}
              throughput={400}
            />
          </div>
        </div>
      </div>
    </div>
  </form>
</GenericRightPaneComponent>
`;
