// Jest Snapshot v1, https://goo.gl/fbAQLP

exports[`CollapsibleSectionComponent renders 1`] = `
<Fragment>
  <Stack
    aria-expanded={true}
    className="collapsibleSection"
    horizontal={true}
    onClick={[Function]}
    onKeyPress={[Function]}
    role="button"
    tabIndex={0}
    tokens={
      {
        "childrenGap": 10,
      }
    }
    verticalAlign="center"
  >
    <Icon
      iconName="ChevronDown"
    />
    <StyledLabelBase
      styles={
        {
          "root": {
            "color": "var(--colorNeutralForeground1)",
          },
        }
      }
    >
      Sample title
    </StyledLabelBase>
  </Stack>
</Fragment>
`;
